// Jest Snapshot v1, https://goo.gl/fbAQLP

exports[`<RangeSlider /> should match snapshot 1`] = `
<div
  className="container "
>
  <input
    className="slider"
    max={10}
    min={0}
    onChange={[MockFunction]}
    type="range"
    value={0}
  />
</div>
`;

exports[`<RangeSlider /> should match snapshot 2`] = `"<div class=\\"container \\"><input type=\\"range\\" min=\\"0\\" max=\\"10\\" value=\\"0\\" class=\\"slider\\"/></div>"`;
